#-----------------------------------------------------------
# Vivado v2021.2 (64-bit)
# SW Build 3367213 on Tue Oct 19 02:48:09 MDT 2021
# IP Build 3369179 on Thu Oct 21 08:25:16 MDT 2021
# Start of session at: Tue May 10 00:25:14 2022
# Process ID: 20688
# Current directory: C:/Users/joshu/Desktop/School/CPE333/OTTER-multicyle-1-cycle-memory
# Command line: vivado.exe -gui_launcher_event rodinguilauncherevent40916 C:\Users\joshu\Desktop\School\CPE333\OTTER-multicyle-1-cycle-memory\OTTER-multicyle-1-cycle-memory.xpr
# Log file: C:/Users/joshu/Desktop/School/CPE333/OTTER-multicyle-1-cycle-memory/vivado.log
# Journal file: C:/Users/joshu/Desktop/School/CPE333/OTTER-multicyle-1-cycle-memory\vivado.jou
# Running On: LAPTOP-12K94QAC, OS: Windows, CPU Frequency: 2304 MHz, CPU Physical cores: 8, Host memory: 68475 MB
#-----------------------------------------------------------
start_gui
open_project C:/Users/joshu/Desktop/School/CPE333/OTTER-multicyle-1-cycle-memory/OTTER-multicyle-1-cycle-memory.xpr
update_compile_order -fileset sources_1
launch_simulation
open_wave_config C:/Users/joshu/Desktop/School/CPE333/OTTER-multicyle-1-cycle-memory/testing1.wcfg
source clock_tb.tcl
